// Jest Snapshot v1, https://goo.gl/fbAQLP

exports[`should render CardsList (snapshot) 1`] = `
<ul
  class="cardsList"
/>
`;
