// Jest Snapshot v1, https://goo.gl/fbAQLP

exports[`should render Content (snapshot) 1`] = `
<main>
  Контент
</main>
`;
