// Jest Snapshot v1, https://goo.gl/fbAQLP

exports[`should render SearchBlock (snapshot) 1`] = `
<div>
  search
</div>
`;
