// Jest Snapshot v1, https://goo.gl/fbAQLP

exports[`should render Layout (snapshot) 1`] = `
<div
  class="layout"
>
  Верстка
</div>
`;
