// Jest Snapshot v1, https://goo.gl/fbAQLP

exports[`should render TitleBlock (snapshot) 1`] = `
<div
  class="titleBlock"
>
  title
</div>
`;
